// Jest Snapshot v1, https://goo.gl/fbAQLP

exports[`Select Match snapshot 1`] = `
<div>
  <button
    aria-controls="menu-list-:r1:"
    aria-expanded="false"
    aria-haspopup="menu"
    class="chakra-button chakra-menu__menu-button css-1n3vrsk"
    id="menu-button-:r1:"
    type="button"
  >
    <span
      class="css-xl71ch"
    >
      <div
        class="css-1l4w6pd"
      >
        <span
          class="chakra-text css-mj5ko4"
        >
          github
        </span>
        <div
          class="css-1x77umq"
        >
          <svg
            fill="none"
            height="15"
            stroke="#A0AEC0"
            style="transform: rotate(undefined);"
            viewBox="0 0 24 24"
            width="18"
            xmlns="http://www.w3.org/2000/svg"
          >
            <path
              d="M7 10L12 14L17 10"
              stroke-linecap="round"
              stroke-linejoin="round"
              stroke-width="2"
            />
          </svg>
        </div>
      </div>
    </span>
  </button>
  <div
    class="css-0"
    style="visibility: hidden; position: absolute; inset: 0 auto auto 0;"
  >
    <div
      aria-orientation="vertical"
      class="chakra-menu__menu-list css-149xq91"
      id="menu-list-:r1:"
      role="menu"
      style="transform-origin: var(--popper-transform-origin); opacity: 0; visibility: hidden; transform: scale(0.8) translateZ(0);"
      tabindex="-1"
    >
      <button
        class="chakra-menu__menuitem css-1oz22gy"
        data-index="0"
        id="menu-list-:r1:-menuitem-:r2:"
        role="menuitem"
        tabindex="-1"
        type="button"
      >
        <p
          class="chakra-text css-1198d6z"
        >
          github
        </p>
      </button>
      <button
        class="chakra-menu__menuitem css-1oz22gy"
        data-index="1"
        id="menu-list-:r1:-menuitem-:r3:"
        role="menuitem"
        tabindex="-1"
        type="button"
      >
        <p
          class="chakra-text css-1198d6z"
        >
          facebook
        </p>
      </button>
      <button
        class="chakra-menu__menuitem css-1oz22gy"
        data-index="2"
        id="menu-list-:r1:-menuitem-:r4:"
        role="menuitem"
        tabindex="-1"
        type="button"
      >
        <p
          class="chakra-text css-1198d6z"
        >
          instagram
        </p>
      </button>
    </div>
  </div>
</div>
`;
