// Jest Snapshot v1, https://goo.gl/fbAQLP

exports[`DashBoardSection render Should render match with snapshot. 1`] = `
<div>
  <div
    class="css-14tf0fk"
  >
    <div
      class="css-rklm6r"
    >
      <div
        class="css-drd224"
      />
      <div
        class="css-1lqaber"
      >
        <div
          class="css-1b0f144"
        />
        <div
          class="css-1myajjl"
        />
      </div>
      <section
        class="css-q5tdat"
      >
         
      </section>
    </div>
    <div
      class="css-13fssc0"
    >
      <div
        class="chakra-stack css-txpvqp"
      >
        <div
          class="css-1ki54i"
        />
        <div
          class="css-1o7vdud"
        />
      </div>
    </div>
  </div>
  <span
    hidden=""
    id="__chakra_env"
  />
</div>
`;
