// Jest Snapshot v1, https://goo.gl/fbAQLP

exports[`RecentActivitiesSection render Should render match with snapshot. 1`] = `
<div>
  <div
    class="css-1qfa3yr"
  >
    <div
      class="css-rklm6r"
    >
      <section
        class="css-1gg9e9z"
      >
        <div
          class="css-194coc3"
        >
          <form
            class="chakra-stack css-16wym0o"
            data-testid="search-bar"
          >
            <div
              class="css-1b9rej7"
            >
              <div
                class="chakra-form-control css-1kxonj9"
                role="group"
              >
                <div
                  class="chakra-input__group css-1091msq"
                  data-group="true"
                >
                  <div
                    class="chakra-input__left-element css-1kg931p"
                  >
                    <svg
                      class="chakra-icon css-onkibi"
                      focusable="false"
                      viewBox="0 0 24 24"
                    >
                      <path
                        d="M23.414,20.591l-4.645-4.645a10.256,10.256,0,1,0-2.828,2.829l4.645,4.644a2.025,2.025,0,0,0,2.828,0A2,2,0,0,0,23.414,20.591ZM10.25,3.005A7.25,7.25,0,1,1,3,10.255,7.258,7.258,0,0,1,10.25,3.005Z"
                        fill="currentColor"
                      />
                    </svg>
                  </div>
                  <input
                    class="chakra-input css-1x84oq"
                    data-testid="search-transaction"
                    id="field-:r0:"
                    placeholder="Search by name or email"
                    type="text"
                    value=""
                  />
                </div>
              </div>
            </div>
            <div
              class="css-tzs3vb"
            >
              <button
                aria-controls="menu-list-:r2:"
                aria-expanded="false"
                aria-haspopup="menu"
                class="chakra-button chakra-menu__menu-button css-10e6i5m"
                id="menu-button-:r2:"
                type="button"
              >
                <span
                  class="css-xl71ch"
                >
                  <span
                    class="css-ccj5l2"
                  >
                    <svg
                      fill="none"
                      height="17"
                      stroke="#1D1E24"
                      width="18"
                      xmlns="http://www.w3.org/2000/svg"
                    >
                      <path
                        d="M7.552 13.502H1.25M10.362 3.81h6.301"
                      />
                      <path
                        clip-rule="evenodd"
                        d="M5.948 3.756a2.355 2.355 0 0 0-2.363-2.347 2.355 2.355 0 0 0-2.363 2.347 2.355 2.355 0 0 0 2.363 2.346 2.355 2.355 0 0 0 2.363-2.346ZM17.221 13.463a2.354 2.354 0 0 0-2.362-2.346 2.355 2.355 0 0 0-2.364 2.346 2.355 2.355 0 0 0 2.364 2.347 2.354 2.354 0 0 0 2.362-2.347Z"
                      />
                    </svg>
                    Filters
                  </span>
                </span>
              </button>
              <div
                class="css-r6z5ec"
                style="visibility: hidden; position: absolute; inset: 0 auto auto 0;"
              >
                <div
                  aria-orientation="vertical"
                  class="chakra-menu__menu-list css-1k4isgz"
                  id="menu-list-:r2:"
                  role="menu"
                  style="transform-origin: var(--popper-transform-origin); opacity: 0; visibility: hidden; transform: scale(0.8) translateZ(0);"
                  tabindex="-1"
                >
                  <button
                    class="chakra-menu__menuitem css-o9weuj"
                    data-index="0"
                    id="menu-list-:r2:-menuitem-:r3:"
                    role="menuitem"
                    tabindex="-1"
                    type="button"
                  >
                    <p
                      class="chakra-text css-15asmb0"
                    >
                      Default
                    </p>
                  </button>
                  <button
                    class="chakra-menu__menuitem css-o9weuj"
                    data-index="1"
                    id="menu-list-:r2:-menuitem-:r4:"
                    role="menuitem"
                    tabindex="-1"
                    type="button"
                  >
                    <p
                      class="chakra-text css-15asmb0"
                    >
                      Sign in
                    </p>
                  </button>
                  <button
                    class="chakra-menu__menuitem css-o9weuj"
                    data-index="2"
                    id="menu-list-:r2:-menuitem-:r5:"
                    role="menuitem"
                    tabindex="-1"
                    type="button"
                  >
                    <p
                      class="chakra-text css-15asmb0"
                    >
                      Sign out
                    </p>
                  </button>
                  <button
                    class="chakra-menu__menuitem css-o9weuj"
                    data-index="3"
                    id="menu-list-:r2:-menuitem-:r6:"
                    role="menuitem"
                    tabindex="-1"
                    type="button"
                  >
                    <p
                      class="chakra-text css-15asmb0"
                    >
                      Sign up
                    </p>
                  </button>
                  <button
                    class="chakra-menu__menuitem css-o9weuj"
                    data-index="4"
                    id="menu-list-:r2:-menuitem-:r7:"
                    role="menuitem"
                    tabindex="-1"
                    type="button"
                  >
                    <p
                      class="chakra-text css-15asmb0"
                    >
                      Forgot password
                    </p>
                  </button>
                  <button
                    class="chakra-menu__menuitem css-o9weuj"
                    data-index="5"
                    id="menu-list-:r2:-menuitem-:r8:"
                    role="menuitem"
                    tabindex="-1"
                    type="button"
                  >
                    <p
                      class="chakra-text css-15asmb0"
                    >
                      Add money
                    </p>
                  </button>
                  <button
                    class="chakra-menu__menuitem css-o9weuj"
                    data-index="6"
                    id="menu-list-:r2:-menuitem-:r9:"
                    role="menuitem"
                    tabindex="-1"
                    type="button"
                  >
                    <p
                      class="chakra-text css-15asmb0"
                    >
                      Send money
                    </p>
                  </button>
                  <button
                    class="chakra-menu__menuitem css-o9weuj"
                    data-index="7"
                    id="menu-list-:r2:-menuitem-:ra:"
                    role="menuitem"
                    tabindex="-1"
                    type="button"
                  >
                    <p
                      class="chakra-text css-15asmb0"
                    >
                      Update transaction
                    </p>
                  </button>
                  <button
                    class="chakra-menu__menuitem css-o9weuj"
                    data-index="8"
                    id="menu-list-:r2:-menuitem-:rb:"
                    role="menuitem"
                    tabindex="-1"
                    type="button"
                  >
                    <p
                      class="chakra-text css-15asmb0"
                    >
                      Delete transaction
                    </p>
                  </button>
                  <button
                    class="chakra-menu__menuitem css-o9weuj"
                    data-index="9"
                    id="menu-list-:r2:-menuitem-:rc:"
                    role="menuitem"
                    tabindex="-1"
                    type="button"
                  >
                    <p
                      class="chakra-text css-15asmb0"
                    >
                      Create product
                    </p>
                  </button>
                  <button
                    class="chakra-menu__menuitem css-o9weuj"
                    data-index="10"
                    id="menu-list-:r2:-menuitem-:rd:"
                    role="menuitem"
                    tabindex="-1"
                    type="button"
                  >
                    <p
                      class="chakra-text css-15asmb0"
                    >
                      Update product
                    </p>
                  </button>
                  <button
                    class="chakra-menu__menuitem css-o9weuj"
                    data-index="11"
                    id="menu-list-:r2:-menuitem-:re:"
                    role="menuitem"
                    tabindex="-1"
                    type="button"
                  >
                    <p
                      class="chakra-text css-15asmb0"
                    >
                      Delete product
                    </p>
                  </button>
                  <button
                    class="chakra-menu__menuitem css-o9weuj"
                    data-index="12"
                    id="menu-list-:r2:-menuitem-:rf:"
                    role="menuitem"
                    tabindex="-1"
                    type="button"
                  >
                    <p
                      class="chakra-text css-15asmb0"
                    >
                      Create issues
                    </p>
                  </button>
                  <button
                    class="chakra-menu__menuitem css-o9weuj"
                    data-index="13"
                    id="menu-list-:r2:-menuitem-:rg:"
                    role="menuitem"
                    tabindex="-1"
                    type="button"
                  >
                    <p
                      class="chakra-text css-15asmb0"
                    >
                      Save profile
                    </p>
                  </button>
                  <button
                    class="chakra-menu__menuitem css-o9weuj"
                    data-index="14"
                    id="menu-list-:r2:-menuitem-:rh:"
                    role="menuitem"
                    tabindex="-1"
                    type="button"
                  >
                    <p
                      class="chakra-text css-15asmb0"
                    >
                      Save change password
                    </p>
                  </button>
                </div>
              </div>
            </div>
          </form>
        </div>
        <div
          class="chakra-skeleton css-s55j40"
        />
        <div
          class="chakra-skeleton css-s55j40"
        />
        <div
          class="chakra-skeleton css-s55j40"
        />
        <div
          class="chakra-skeleton css-s55j40"
        />
        <div
          class="chakra-skeleton css-s55j40"
        />
        <div
          class="chakra-skeleton css-s55j40"
        />
        <div
          class="chakra-skeleton css-s55j40"
        />
        <div
          class="chakra-skeleton css-s55j40"
        />
        <div
          class="chakra-skeleton css-s55j40"
        />
        <div
          class="chakra-skeleton css-s55j40"
        />
        <div
          class="chakra-skeleton css-s55j40"
        />
        <div
          class="chakra-skeleton css-s55j40"
        />
        <div
          class="chakra-skeleton css-s55j40"
        />
        <div
          class="chakra-skeleton css-s55j40"
        />
        <div
          class="chakra-skeleton css-s55j40"
        />
        <div
          class="css-cyp3zu"
          data-testid="pagination"
        >
          <div
            class="css-70qvj9"
          >
            <p
              class="chakra-text css-r5mmfv"
            >
              Show result:
            </p>
            <div
              class="css-110fpu2"
            >
              <button
                aria-controls="menu-list-:rj:"
                aria-expanded="false"
                aria-haspopup="menu"
                class="chakra-button chakra-menu__menu-button css-10e6i5m"
                id="menu-button-:rj:"
                type="button"
              >
                <span
                  class="css-xl71ch"
                >
                  <div
                    class="css-1l4w6pd"
                  >
                    <span
                      class="chakra-text css-1ftaikx"
                    >
                      10
                    </span>
                    <div
                      class="css-t4r95o"
                    >
                      <svg
                        fill="none"
                        height="15"
                        stroke="#A0AEC0"
                        style="transform: rotate(undefined);"
                        viewBox="0 0 24 24"
                        width="18"
                        xmlns="http://www.w3.org/2000/svg"
                      >
                        <path
                          d="M7 10L12 14L17 10"
                          stroke-linecap="round"
                          stroke-linejoin="round"
                          stroke-width="2"
                        />
                      </svg>
                    </div>
                  </div>
                </span>
              </button>
              <div
                class="css-r6z5ec"
                style="visibility: hidden; position: absolute; inset: 0 auto auto 0;"
              >
                <div
                  aria-orientation="vertical"
                  class="chakra-menu__menu-list css-1k4isgz"
                  id="menu-list-:rj:"
                  role="menu"
                  style="transform-origin: var(--popper-transform-origin); opacity: 0; visibility: hidden; transform: scale(0.8) translateZ(0);"
                  tabindex="-1"
                >
                  <button
                    class="chakra-menu__menuitem css-o9weuj"
                    data-index="0"
                    id="menu-list-:rj:-menuitem-:rk:"
                    role="menuitem"
                    tabindex="-1"
                    type="button"
                  >
                    <p
                      class="chakra-text css-15asmb0"
                    >
                      10
                    </p>
                  </button>
                  <button
                    class="chakra-menu__menuitem css-o9weuj"
                    data-index="1"
                    id="menu-list-:rj:-menuitem-:rl:"
                    role="menuitem"
                    tabindex="-1"
                    type="button"
                  >
                    <p
                      class="chakra-text css-15asmb0"
                    >
                      20
                    </p>
                  </button>
                  <button
                    class="chakra-menu__menuitem css-o9weuj"
                    data-index="2"
                    id="menu-list-:rj:-menuitem-:rm:"
                    role="menuitem"
                    tabindex="-1"
                    type="button"
                  >
                    <p
                      class="chakra-text css-15asmb0"
                    >
                      50
                    </p>
                  </button>
                </div>
              </div>
            </div>
          </div>
          <div
            class="css-69i1ev"
          >
            <button
              aria-label="btn-prev"
              class="chakra-button css-1vy1nhu"
              data-testid="prev-button"
              disabled=""
              type="button"
            >
              <svg
                fill="none"
                height="24"
                stroke="#A0AEC0"
                style="transform: rotate(90deg);"
                viewBox="0 0 24 24"
                width="24"
                xmlns="http://www.w3.org/2000/svg"
              >
                <path
                  d="M7 10L12 14L17 10"
                  stroke-linecap="round"
                  stroke-linejoin="round"
                  stroke-width="2"
                />
              </svg>
            </button>
            <div
              class="css-70qvj9"
            />
            <button
              aria-label="btn-next"
              class="chakra-button css-5dzvs"
              data-testid="next-button"
              type="button"
            >
              <svg
                fill="none"
                height="24"
                stroke="#A0AEC0"
                style="transform: rotate(-90deg);"
                viewBox="0 0 24 24"
                width="24"
                xmlns="http://www.w3.org/2000/svg"
              >
                <path
                  d="M7 10L12 14L17 10"
                  stroke-linecap="round"
                  stroke-linejoin="round"
                  stroke-width="2"
                />
              </svg>
            </button>
          </div>
        </div>
      </section>
    </div>
    <div
      class="css-1bm8fk6"
    >
      <div
        class="css-1n88nru"
      >
        <div
          class="css-1p0sw78"
        >
          <h3
            class="chakra-heading css-1jhdndu"
          >
            my wallet
          </h3>
          <div
            class="css-gmuwbf"
          >
            <div
              class="css-140b0vm"
            >
              <div
                class="css-1loy0ln"
              >
                <p
                  class="chakra-text css-mskrhv"
                >
                  Balance
                </p>
                <button
                  aria-label="eye"
                  class="chakra-button css-he8p55"
                  data-testid="btn-eye"
                  type="button"
                >
                  <svg
                    height="16"
                    viewBox="0 0 640 512"
                    width="20"
                  >
                    <g
                      opacity="0.6"
                    >
                      <path
                        d="M38.8 5.1C28.4-3.1 13.3-1.2 5.1 9.2S-1.2 34.7 9.2 42.9l592 464c10.4 8.2 25.5 6.3 33.7-4.1s6.3-25.5-4.1-33.7L525.6 386.7c39.6-40.6 66.4-86.1 79.9-118.4c3.3-7.9 3.3-16.7 0-24.6c-14.9-35.7-46.2-87.7-93-131.1C465.5 68.8 400.8 32 320 32c-68.2 0-125 26.3-169.3 60.8L38.8 5.1zm151 118.3C226 97.7 269.5 80 320 80c65.2 0 118.8 29.6 159.9 67.7C518.4 183.5 545 226 558.6 256c-12.6 28-36.6 66.8-70.9 100.9l-53.8-42.2c9.1-17.6 14.2-37.5 14.2-58.7c0-70.7-57.3-128-128-128c-32.2 0-61.7 11.9-84.2 31.5l-46.1-36.1zM394.9 284.2l-81.5-63.9c4.2-8.5 6.6-18.2 6.6-28.3c0-5.5-.7-10.9-2-16c.7 0 1.3 0 2 0c44.2 0 80 35.8 80 80c0 9.9-1.8 19.4-5.1 28.2zm51.3 163.3l-41.9-33C378.8 425.4 350.7 432 320 432c-65.2 0-118.8-29.6-159.9-67.7C121.6 328.5 95 286 81.4 256c8.3-18.4 21.5-41.5 39.4-64.8L83.1 161.5C60.3 191.2 44 220.8 34.5 243.7c-3.3 7.9-3.3 16.7 0 24.6c14.9 35.7 46.2 87.7 93 131.1C174.5 443.2 239.2 480 320 480c47.8 0 89.9-12.9 126.2-32.5zm-88-69.3L302 334c-23.5-5.4-43.1-21.2-53.7-42.3l-56.1-44.2c-.2 2.8-.3 5.6-.3 8.5c0 70.7 57.3 128 128 128c13.3 0 26.1-2 38.2-5.8z"
                        fill="white"
                        opacity="1"
                      />
                    </g>
                  </svg>
                </button>
              </div>
              <p
                class="chakra-text css-llqfbq"
              >
                ******
              </p>
            </div>
          </div>
          <form
            class="css-1ayfwcb"
          >
            <p
              class="chakra-text css-y05pe7"
            >
              quick transfer
            </p>
            <div
              class="css-79elbk"
            >
              <div
                class="chakra-input__group css-1lq0mp5"
                data-group="true"
              >
                <div
                  class="chakra-form-control css-1kxonj9"
                  role="group"
                >
                  <div
                    class="chakra-input__group css-1091msq"
                    data-group="true"
                  >
                    <input
                      class="chakra-input css-18ql1xp"
                      id="field-:ru:"
                      name="memberId"
                      placeholder="Choose an account to transfer"
                      type="text"
                      value=""
                    />
                    <button
                      aria-label="The eye icon"
                      class="chakra-input__right-element css-1stj06r"
                      data-testid="right-icon-input"
                      type="button"
                    >
                      <button
                        aria-label="Icon dropdown"
                        class="chakra-button css-1rb8ldf"
                        type="button"
                      >
                        <svg
                          fill="none"
                          height="21"
                          style="transform: translateY(4px);"
                          viewBox="0 0 21 21"
                          width="21"
                          xmlns="http://www.w3.org/2000/svg"
                        >
                          <path
                            d="M7.72168 5.03271L12.7217 10.0327L17.7217 5.03271"
                            stroke="#A0AEC0"
                            stroke-linecap="round"
                            stroke-linejoin="round"
                            stroke-width="2"
                          />
                        </svg>
                      </button>
                    </button>
                  </div>
                </div>
                <div
                  class="chakra-input__right-element css-f46tp1"
                >
                  <button
                    aria-label="Icon dropdown"
                    class="chakra-button css-1rb8ldf"
                    type="button"
                  >
                    <svg
                      fill="none"
                      height="21"
                      style="transform: translateY(4px);"
                      viewBox="0 0 21 21"
                      width="21"
                      xmlns="http://www.w3.org/2000/svg"
                    >
                      <path
                        d="M7.72168 5.03271L12.7217 10.0327L17.7217 5.03271"
                        stroke="#A0AEC0"
                        stroke-linecap="round"
                        stroke-linejoin="round"
                        stroke-width="2"
                      />
                    </svg>
                  </button>
                </div>
              </div>
            </div>
            <div
              class="css-1hlzswh"
            >
              <p
                class="chakra-text css-1ki0mgu"
              >
                 Enter amount 
              </p>
              <div
                class="css-17piex8"
              >
                <p
                  class="chakra-text css-4xj0bk"
                >
                  $
                </p>
                <div
                  class="chakra-form-control css-1eor3tg"
                  role="group"
                >
                  <input
                    autocomplete="off"
                    class="chakra-input css-cz5fpu"
                    id="field-:rv:"
                    name="amount"
                    placeholder="0.00"
                    type="text"
                    value=""
                  />
                </div>
              </div>
            </div>
            <button
              aria-label="btn-send-money"
              class="chakra-button css-1mu22hy"
              disabled=""
              type="submit"
            >
              Send Money
            </button>
          </form>
        </div>
         
      </div>
    </div>
  </div>
  <span
    hidden=""
    id="__chakra_env"
  />
</div>
`;
